(1, 1, 1) n=3 set potential with zero self-energies: True (0.0 s)
(2, 2, 2) n=6 set potential with zero self-energies: True (0.0 s)
(3, 3, 3) n=9 set potential with zero self-energies: True (0.0 s)
(1, 1, 2) n=4 set potential with zero self-energies: False (0.0 s)
(1, 2, 2) n=5 set potential with zero self-energies: False (0.0 s)
(2, 2, 3) n=7 set potential with zero self-energies: False (0.0 s)
(1, 1, 1, 1) n=4 set potential with zero self-energies: True (0.0 s)
(1, 2, 1, 2) n=6 set potential with zero self-energies: True (0.0 s)
(2, 1, 2, 1) n=6 set potential with zero self-energies: True (0.0 s)
(2, 2, 2, 2) n=8 set potential with zero self-energies: True (0.0 s)
(1, 3, 1, 3) n=8 set potential with zero self-energies: True (0.0 s)
(2, 3, 2, 3) n=10 set potential with zero self-energies: True (0.0 s)
(1, 1, 2, 2) n=6 set potential with zero self-energies: False (0.0 s)
(1, 2, 2, 1) n=6 set potential with zero self-energies: False (0.0 s)
(1, 1, 1, 2) n=5 set potential with zero self-energies: False (0.0 s)
(1, 1, 1, 1, 1) n=5 set potential with zero self-energies: True (0.0 s)
(2, 2, 2, 2, 2) n=10 set potential with zero self-energies: True (0.0 s)
(1, 1, 1, 1, 2) n=6 set potential with zero self-energies: False (0.0 s)
(1, 2, 1, 2, 1, 2) n=9 set potential with zero self-energies: True (0.0 s)
(1, 1, 1, 1, 1, 1) n=6 set potential with zero self-energies: True (0.0 s)
(2, 1, 1, 2, 1, 1) n=8 set potential with zero self-energies: False (0.0 s)
(1, 2, 1, 1, 2, 1) n=8 set potential with zero self-energies: False (0.0 s)
(3, 1, 3, 1) n=8 set potential with zero self-energies: True (0.0 s)
(1, 1, 3, 3) n=8 set potential with zero self-energies: False (0.0 s)
