back-arc survivors: 469 | pruned cores: 107
   ('blow-up of C3', (1, 1, 5)) 1
   ('blow-up of C3', (1, 2, 4)) 1
   ('blow-up of C3', (1, 3, 3)) 1
   ('blow-up of C3', (1, 4, 2)) 1
   ('blow-up of C3', (2, 2, 3)) 1
   ('blow-up of C4', (1, 1, 1, 4)) 1
   ('blow-up of C4', (1, 1, 2, 3)) 1
   ('blow-up of C4', (1, 1, 3, 2)) 1
   ('blow-up of C4', (1, 2, 1, 3)) 1
   ('blow-up of C4', (1, 2, 2, 2)) 1
   ('blow-up of C5', (1, 1, 1, 1, 3)) 1
   ('blow-up of C5', (1, 1, 1, 2, 2)) 1
   ('blow-up of C5', (1, 1, 2, 1, 2)) 1
   ('blow-up of C6', (1, 1, 1, 1, 1, 2)) 1
   ('blow-up of C7', (1, 1, 1, 1, 1, 1, 1)) 1
  other pruned cores: 92
      [(0, 4), (6, 0), (1, 5), (6, 1), (2, 5), (6, 2), (5, 3), (3, 6), (4, 6)]
      [(0, 4), (6, 0), (1, 5), (6, 1), (5, 2), (2, 6), (5, 3), (3, 6), (4, 6)]
      [(0, 4), (6, 0), (1, 5), (6, 1), (2, 5), (6, 2), (3, 5), (6, 3), (4, 6), (5, 6)]
      [(0, 4), (6, 0), (5, 1), (1, 6), (5, 2), (2, 6), (5, 3), (3, 6), (4, 6), (6, 5)]
      [(0, 4), (5, 0), (1, 5), (6, 1), (2, 5), (6, 2), (5, 3), (3, 6), (4, 6)]
      [(0, 4), (5, 0), (1, 5), (6, 1), (5, 2), (2, 6), (5, 3), (3, 6), (4, 6)]
      [(0, 4), (0, 5), (6, 0), (5, 1), (1, 6), (5, 2), (2, 6), (5, 3), (3, 6), (4, 6)]
      [(4, 0), (5, 0), (0, 6), (1, 5), (6, 1), (2, 5), (6, 2), (3, 5), (6, 3), (6, 4)]
      [(0, 4), (5, 0), (5, 1), (1, 6), (5, 2), (2, 6), (5, 3), (3, 6), (4, 6), (6, 5)]
      [(0, 4), (6, 0), (4, 1), (1, 6), (2, 5), (6, 2), (5, 3), (3, 6)]
      [(0, 4), (6, 0), (1, 4), (6, 1), (2, 5), (6, 2), (5, 3), (3, 6), (4, 6)]
      [(4, 0), (0, 6), (4, 1), (1, 6), (2, 5), (6, 2), (5, 3), (3, 6), (6, 4)]
      [(0, 4), (6, 0), (1, 4), (6, 1), (2, 5), (6, 2), (3, 5), (6, 3), (4, 6), (5, 6)]
      [(0, 4), (6, 0), (1, 4), (6, 1), (5, 2), (2, 6), (5, 3), (3, 6), (4, 6), (6, 5)]
      [(4, 0), (0, 6), (4, 1), (1, 6), (5, 2), (2, 6), (5, 3), (3, 6), (6, 4), (6, 5)]
      [(0, 4), (5, 0), (4, 1), (1, 6), (2, 5), (6, 2), (5, 3), (3, 6)]
      [(0, 4), (0, 5), (6, 0), (4, 1), (1, 6), (5, 2), (2, 6), (5, 3), (3, 6)]
      [(4, 0), (5, 0), (0, 6), (1, 4), (6, 1), (2, 5), (6, 2), (3, 5), (6, 3)]
      [(0, 4), (5, 0), (1, 4), (6, 1), (2, 5), (6, 2), (3, 5), (6, 3), (4, 6)]
      [(0, 4), (5, 0), (1, 4), (6, 1), (2, 5), (6, 2), (5, 3), (3, 6), (4, 6)]
      [(4, 0), (0, 5), (4, 1), (1, 6), (2, 5), (6, 2), (5, 3), (3, 6), (6, 4)]
      [(4, 0), (0, 5), (4, 1), (1, 6), (5, 2), (2, 6), (5, 3), (3, 6), (6, 4)]
      [(0, 4), (5, 0), (4, 1), (1, 6), (5, 2), (2, 6), (5, 3), (3, 6), (6, 5)]
      [(0, 4), (5, 0), (1, 4), (6, 1), (5, 2), (2, 6), (5, 3), (3, 6), (4, 6), (6, 5)]
      [(4, 0), (0, 5), (4, 1), (1, 6), (2, 5), (6, 2), (3, 5), (6, 3), (6, 4), (5, 6)]
      [(0, 4), (6, 0), (1, 4), (6, 1), (2, 5), (6, 2), (5, 3), (3, 6), (4, 5)]
      [(0, 4), (6, 0), (4, 1), (1, 6), (5, 2), (2, 6), (5, 3), (3, 6), (4, 5)]
      [(0, 4), (6, 0), (1, 4), (6, 1), (2, 5), (6, 2), (3, 5), (6, 3), (5, 4), (4, 6)]
      [(4, 0), (0, 6), (4, 1), (1, 6), (5, 2), (2, 6), (5, 3), (3, 6), (4, 5), (6, 4)]
      [(0, 4), (0, 5), (6, 0), (1, 4), (1, 5), (6, 1), (5, 2), (2, 6), (5, 3), (3, 6), (4, 6)]
      [(4, 0), (5, 0), (0, 6), (4, 1), (5, 1), (1, 6), (2, 5), (6, 2), (3, 5), (6, 3), (6, 4)]
      [(0, 4), (0, 5), (6, 0), (1, 4), (1, 5), (6, 1), (4, 2), (2, 6), (5, 3), (3, 6)]
      [(4, 0), (5, 0), (0, 6), (4, 1), (5, 1), (1, 6), (2, 4), (6, 2), (3, 5), (6, 3)]
      [(0, 4), (5, 0), (1, 4), (5, 1), (2, 4), (6, 2), (5, 3), (3, 6), (4, 6), (6, 5)]
      [(0, 4), (0, 5), (6, 0), (1, 4), (1, 5), (6, 1), (2, 4), (2, 5), (6, 2), (5, 3), (3, 6), (4, 6)]
      [(4, 0), (5, 0), (0, 6), (4, 1), (5, 1), (1, 6), (4, 2), (5, 2), (2, 6), (3, 5), (6, 3), (6, 4)]
      [(0, 3), (6, 0), (1, 4), (6, 1), (2, 5), (6, 2), (3, 6), (4, 6), (5, 6)]
      [(0, 3), (5, 0), (1, 4), (6, 1), (2, 5), (6, 2), (3, 6), (4, 6)]
      [(0, 3), (0, 5), (6, 0), (1, 4), (6, 1), (5, 2), (2, 6), (3, 6), (4, 6)]
      [(3, 0), (5, 0), (0, 6), (1, 4), (6, 1), (2, 5), (6, 2), (6, 3), (4, 6)]
      [(0, 3), (5, 0), (1, 4), (5, 1), (2, 5), (6, 2), (3, 6), (4, 6)]
      [(0, 3), (5, 0), (4, 1), (1, 5), (2, 5), (6, 2), (3, 6), (6, 4)]
      [(0, 3), (0, 5), (6, 0), (1, 4), (5, 1), (5, 2), (2, 6), (3, 6), (4, 6)]
      [(3, 0), (5, 0), (0, 6), (4, 1), (1, 5), (2, 5), (6, 2), (6, 3), (6, 4)]
      [(0, 3), (5, 0), (1, 4), (5, 1), (5, 2), (2, 6), (3, 6), (4, 6), (6, 5)]
      [(0, 3), (5, 0), (1, 4), (6, 1), (2, 5), (5, 2), (2, 6), (6, 2), (3, 5), (4, 6)]
      [(0, 3), (5, 0), (0, 6), (1, 4), (6, 1), (2, 5), (6, 2), (3, 5), (4, 6)]
      [(3, 0), (0, 5), (6, 0), (1, 4), (6, 1), (5, 2), (2, 6), (5, 3), (4, 6)]
      [(0, 3), (5, 0), (1, 4), (6, 1), (2, 5), (6, 2), (3, 5), (4, 6), (5, 6)]
      [(0, 3), (5, 0), (1, 4), (6, 1), (2, 5), (5, 2), (2, 6), (6, 2), (3, 5), (4, 6), (5, 6), (6, 5)]
      [(0, 3), (0, 4), (6, 0), (4, 1), (1, 5), (5, 2), (2, 6), (3, 6)]
      [(0, 3), (4, 0), (1, 4), (1, 5), (6, 1), (5, 2), (2, 6), (3, 6)]
      [(0, 3), (0, 4), (6, 0), (4, 1), (5, 1), (1, 6), (2, 5), (6, 2), (3, 6)]
      [(3, 0), (4, 0), (0, 6), (1, 4), (1, 5), (6, 1), (5, 2), (2, 6), (6, 3)]
      [(0, 3), (0, 4), (6, 0), (4, 1), (1, 5), (2, 5), (6, 2), (3, 6), (5, 6)]
      [(0, 3), (4, 0), (5, 0), (4, 1), (5, 1), (1, 6), (2, 5), (6, 2), (3, 6), (6, 4)]
      [(0, 3), (0, 4), (6, 0), (4, 1), (5, 1), (1, 6), (2, 5), (6, 2), (3, 5)]
      [(0, 3), (6, 0), (1, 4), (5, 1), (1, 6), (6, 1), (4, 2), (2, 5), (3, 6)]
      [(0, 3), (6, 0), (1, 4), (1, 5), (6, 1), (4, 2), (5, 2), (2, 6), (3, 6)]
      [(0, 3), (6, 0), (1, 4), (5, 1), (1, 6), (4, 2), (2, 5), (6, 2), (3, 6)]
      [(0, 3), (6, 0), (1, 4), (5, 1), (6, 1), (4, 2), (2, 5), (3, 6), (4, 6)]
      [(0, 3), (6, 0), (1, 4), (1, 5), (6, 1), (2, 4), (2, 5), (6, 2), (3, 6), (4, 6), (5, 6)]
      [(0, 3), (0, 5), (6, 0), (1, 4), (5, 1), (2, 4), (5, 2), (3, 6), (4, 6)]
      [(0, 3), (0, 5), (6, 0), (1, 4), (5, 1), (4, 2), (2, 5), (3, 6), (4, 6)]
      [(0, 3), (5, 0), (1, 4), (1, 5), (6, 1), (2, 4), (2, 5), (6, 2), (3, 6), (4, 6)]
      [(3, 0), (0, 5), (4, 1), (5, 1), (1, 6), (4, 2), (5, 2), (2, 6), (6, 3), (6, 4)]
      [(0, 3), (0, 5), (6, 0), (4, 1), (5, 1), (1, 6), (4, 2), (5, 2), (2, 6), (3, 6), (6, 4)]
      [(3, 0), (5, 0), (0, 6), (1, 4), (1, 5), (6, 1), (2, 4), (2, 5), (6, 2), (6, 3), (4, 6)]
      [(0, 3), (5, 0), (0, 6), (1, 4), (1, 5), (6, 1), (4, 2), (2, 6), (3, 5)]
      [(0, 3), (5, 0), (0, 6), (4, 1), (1, 5), (4, 2), (2, 6), (3, 5), (6, 4)]
      [(0, 3), (0, 5), (6, 0), (4, 1), (1, 5), (2, 4), (6, 2), (3, 6), (5, 4), (4, 6)]
      [(0, 3), (6, 0), (1, 4), (5, 1), (2, 4), (5, 2), (3, 6), (4, 5), (6, 4), (5, 6)]
      [(0, 3), (6, 0), (1, 4), (5, 1), (6, 1), (2, 4), (5, 2), (6, 2), (3, 6), (4, 5), (4, 6)]
      [(0, 3), (6, 0), (4, 1), (1, 5), (1, 6), (4, 2), (2, 5), (2, 6), (3, 6), (5, 4), (6, 4)]
      [(0, 3), (5, 0), (0, 6), (4, 1), (1, 6), (4, 2), (2, 6), (3, 5), (4, 5), (6, 4)]
      [(0, 3), (0, 5), (6, 0), (1, 4), (5, 1), (1, 6), (2, 4), (5, 2), (2, 6), (3, 6), (4, 5)]
      [(3, 0), (5, 0), (0, 6), (4, 1), (1, 5), (6, 1), (4, 2), (2, 5), (6, 2), (6, 3), (5, 4)]
      [(0, 3), (4, 0), (6, 0), (1, 5), (6, 1), (5, 2), (2, 6), (3, 4), (3, 6)]
      [(0, 3), (4, 0), (0, 6), (6, 0), (1, 5), (6, 1), (2, 5), (6, 2), (3, 4), (5, 6)]
      [(0, 3), (4, 0), (0, 6), (6, 0), (5, 1), (1, 6), (5, 2), (2, 6), (3, 4), (6, 5)]
      [(0, 3), (4, 0), (6, 0), (1, 5), (6, 1), (2, 5), (6, 2), (3, 4), (3, 6), (5, 6)]
      [(0, 3), (4, 0), (6, 0), (5, 1), (1, 6), (5, 2), (2, 6), (3, 4), (3, 6), (6, 5)]
      [(0, 3), (0, 4), (0, 5), (6, 0), (4, 1), (5, 1), (1, 6), (4, 2), (5, 2), (2, 6), (3, 6)]
      [(0, 3), (4, 0), (5, 0), (4, 1), (5, 1), (1, 6), (4, 2), (5, 2), (2, 6), (3, 6), (6, 4), (6, 5)]
      [(3, 0), (0, 4), (0, 5), (1, 4), (1, 5), (6, 1), (2, 4), (2, 5), (6, 2), (6, 3), (4, 6), (5, 6)]
      [(0, 3), (0, 4), (6, 0), (4, 1), (5, 1), (1, 6), (4, 2), (5, 2), (2, 6), (3, 5)]
      [(0, 3), (4, 0), (6, 0), (1, 4), (5, 1), (1, 6), (4, 2), (2, 5), (6, 2), (3, 5)]
      [(0, 3), (4, 0), (1, 3), (1, 5), (6, 1), (4, 2), (5, 2), (2, 6), (3, 6), (6, 4)]
      [(0, 3), (0, 4), (0, 5), (6, 0), (1, 3), (1, 4), (1, 5), (6, 1), (4, 2), (5, 2), (2, 6), (3, 6)]
      [(3, 0), (4, 0), (5, 0), (0, 6), (3, 1), (4, 1), (5, 1), (1, 6), (2, 4), (2, 5), (6, 2), (6, 3)]
      [(0, 2), (4, 0), (6, 0), (1, 3), (5, 1), (1, 6), (6, 1), (2, 4), (2, 6), (3, 5)]
      [(0, 2), (4, 0), (6, 0), (1, 3), (5, 1), (6, 1), (2, 4), (2, 6), (3, 5), (3, 6)]
