arcs [(0, 1), (0, 3), (0, 4), (1, 2), (2, 0), (3, 0), (4, 0)] dim 3
    component dim 3 : ['e0*e3*e4 - e2*e3*e4 + (-z)*e0*e3 + z*e2*e3 + (-z)*e0*e4 + z*e2*e4 + (z^2)*e0 + (-z^2)*e2 - e3 - e4 + (2*z)', 'e1 - e2']
arcs [(0, 1), (0, 4), (1, 2), (1, 3), (2, 0), (3, 0), (4, 0)] dim 2
    component dim 2 : ['e0*e3*e4 - e3^2*e4 + (-z)*e0*e3 + z*e3^2 + (-z)*e0*e4 + z*e3*e4 + (z^2)*e0 + (-z^2 - 1)*e3 + e4', 'e2 - e3', 'e1 - e3']
arcs [(0, 1), (1, 2), (1, 3), (1, 4), (2, 0), (3, 0), (4, 0)] dim 1
    component dim 1 : ['e0*e4 - e4^2 + (-z)*e0 + z*e4 + 2', 'e3 - e4', 'e2 - e4', 'e1 - e4']
arcs [(0, 2), (0, 4), (1, 3), (2, 1), (3, 0), (4, 0)] dim 3
    component dim 3 : ['e0*e4 - e1*e4 + (-z)*e0 + z*e1 - 1', 'e2 - e3']
arcs [(0, 1), (0, 4), (1, 2), (1, 3), (2, 1), (3, 0), (4, 0)] dim 3
    component dim 3 : ['e1*e2 - e2*e3 + (-z)*e1 + z*e3 - 1', 'e0*e4 - e3*e4 + (-z)*e0 + z*e3 - 1']
arcs [(0, 2), (1, 3), (1, 4), (2, 1), (3, 0), (4, 0)] dim 2
    component dim 2 : ['e1*e2 - e1*e4 + (-z)*e2 + z*e4 + 1', 'e0*e4 - e1*e4 + (-z)*e0 + z*e1 + 1', 'e3 - e4']
arcs [(0, 1), (1, 2), (1, 3), (1, 4), (2, 1), (3, 0), (4, 0)] dim 2
    component dim 2 : ['e1*e2 - e2*e4 + (-z)*e1 + z*e4 - 1', 'e0*e4 - e4^2 + (-z)*e0 + z*e4 + 1', 'e3 - e4']
arcs [(0, 1), (0, 2), (1, 4), (2, 3), (3, 0), (4, 0)] dim 1
    component dim 1 : ['e0*e4^2 - e4^3 + (-2*z)*e0*e4 + (2*z)*e4^2 + (z^2 - 1)*e0 + (-z^2)*e4 + z', 'e3 - e4', 'e2 - e3', 'e1 - e4']
    component dim 1 : ['e3^2*e4^2 + (-2*z)*e3^2*e4 + (-2*z)*e3*e4^2 + (z^2 - 1)*e3^2 + (4*z^2 + 1)*e3*e4 + (z^2 - 1)*e4^2 + (-2*z^3 + z)*e3 + (-2*z^3 + z)*e4 + (z^4 - z^2 + 2)', 'e0*e4^2 - e3*e4^2 + (-2*z)*e0*e4 + (2*z)*e3*e4 + (z^2 - 1)*e0 + (-z^2 + 1)*e3 - e4 + z', 'e0*e3 + e0*e4 - e3*e4 + (-2*z)*e0 + (z^2 - 2)', 'e2 - e3', 'e1 - e4']
NONE [(0, 1), (1, 2), (1, 4), (2, 3), (3, 0), (4, 0)]
arcs [(0, 1), (0, 2), (1, 3), (1, 4), (2, 3), (2, 4), (3, 0), (4, 0)] dim 1
    component dim 1 : ['e2*e4 - e4^2 + (-z)*e2 + z*e4 - 1', 'e3 - e4', 'e1 - e2', 'e0 - e4']
    component dim 1 : ['e0*e4 + (-z)*e0 + (-z)*e4 + (z^2 + 1)', 'e3 - e4', 'e2 + (-z)', 'e1 - e2']
arcs [(0, 1), (0, 4), (1, 0), (1, 2), (2, 3), (3, 1), (4, 0)] dim 3
    component dim 3 : ['e0*e1*e4 - e0*e3*e4 + (-z)*e0*e1 + z*e0*e3 + (-z)*e1*e4 + z*e3*e4 + (z^2 - 1)*e1 + (-z^2 + 1)*e3 - e4 + z', 'e2 - e3']
arcs [(0, 3), (0, 4), (1, 0), (1, 2), (2, 3), (3, 1), (4, 0)] dim 2
    component dim 2 : ['e2^2 - e2*e3 + (-z)*e2 + z*e3 - 1', 'e0*e4 - e2*e4 + (-z)*e0 + z*e2 - 1', 'e1 - e2']
arcs [(0, 2), (1, 4), (2, 3), (3, 1), (4, 0)] dim 1
    component dim 1 : ['e3 - e4', 'e2 - e4', 'e1 - e4', 'e0 - e4']
arcs [(0, 1), (0, 2), (0, 3), (1, 0), (1, 3), (2, 4), (3, 0), (3, 1), (4, 0)] dim 3
    component dim 3 : ['e0*e1*e3 - e1*e3*e4 + (-z)*e0*e1 + (-z)*e0*e3 + z*e1*e4 + z*e3*e4 + (z^2 - 1)*e0 - e1 - e3 + (-z^2 + 1)*e4 + (2*z)', 'e2 - e4']
