instances 58412 classes 42 conflicts 0
o (-1, -1, -1, -2, -2, -2, -3) | (0, -1, -2, -2) -> {True}
o (-1, -1, -1, -2, -2, -1, -2) | (0, -1, -2, -2) -> {True}
o (-1, -1, -1, -2, -1, -2, -2) | (0, -1, -2, -1) -> {True}
o (-1, -1, -1, -2, -1, -1, -2) | (0, -1, -2, -1) -> {True}
o (-1, -1, -1, -1, -2, -2, -2) | (0, -1, -1, -2) -> {True}
o (-1, -1, -1, -1, -2, -1, -2) | (0, -1, -1, -2) -> {True}
o (-1, -1, -1, -1, -1, -2, -2) | (0, -1, -1, -1) -> {True}
o (-1, -1, -1, -1, -1, -1, -2) | (0, -1, -1, -1) -> {True}
o (-1, -1, 0, -2, -1, -1, -2) | (0, -1, -2, -1) -> {True}
o (-1, -1, 0, -1, -1, -1, -1) | (0, 0, -1, -1) -> {False}
o (-1, 0, -1, -1, -2, -1, -2) | (0, -1, -1, -2) -> {True}
o (-1, 0, -1, -1, -1, -1, -1) | (0, 0, -1, -1) -> {True}
o (-1, 0, 0, -1, -1, -1, -2) | (0, -1, -1, -1) -> {True}
o (-1, 0, 0, -1, -1, -1, -1) | (0, 0, -1, -1) -> {True}
o (-1, 0, 0, -1, -1, 0, -1) | (1, 0, -1, -1) -> {True}
o (0, -1, -1, -1, -1, -2, -2) | (0, 0, -1, -1) -> {False}
o (0, -1, -1, -1, -1, -1, -1) | (0, 0, -1, -1) -> {False}
o (0, -1, 0, -1, -1, -1, -2) | (0, 0, -1, -1) -> {False}
o (0, -1, 0, -1, -1, -1, -1) | (0, 0, -1, -1) -> {False}
o (0, -1, 0, -1, 0, -1, -1) | (0, 0, -1, 0) -> {False}
o (0, 0, -1, -1, -1, -1, -2) | (0, 0, -1, -1) -> {False}
o (0, 0, -1, -1, -1, -1, -1) | (0, 0, -1, -1) -> {False}
o (0, 0, -1, 0, -1, -1, -1) | (0, 0, 0, -1) -> {False}
o (0, 0, 0, -1, -1, -1, -2) | (0, 0, -1, -1) -> {False}
o (0, 0, 0, -1, -1, -1, -1) | (0, 0, -1, -1) -> {False}
o (0, 0, 0, -1, 0, 0, -1) | (1, 0, -1, 0) -> {True}
o (0, 0, 0, 0, -1, 0, -1) | (1, 0, 0, -1) -> {False}
o (0, 0, 0, 0, 0, -1, -1) | (0, 0, 0, 0) -> {False}
o (0, 0, 0, 0, 0, 0, -1) | (1, 0, 0, 0) -> {False}
o (0, 0, 0, 0, 0, 0, 0) | (1, 1, 0, 0) -> {False}
u (-1, -1, -1, -1, -2, -2, -2) | (0, -1, -1, -2) -> {True}
u (-1, -1, -1, -1, -1, -1, -1) | (0, -1, -1, -1) -> {True}
u (-1, -1, 0, -1, -1, -1, -1) | (0, -1, -1, -1) -> {True}
u (0, 0, -1, 0, -1, -1, -1) | (0, 0, 0, -1) -> {False}
u (0, 0, 0, 0, -1, -1, -1) | (0, 0, 0, -1) -> {False}
u (0, 0, 0, 0, 0, 0, 0) | (1, 0, 0, 0) -> {True}
w (-1, -1, -1, -2, -1, -2, -2) | (0, -1, -2, -1) -> {True}
w (-1, -1, -1, -1, -1, -1, -1) | (0, -1, -1, -1) -> {True}
w (-1, 0, -1, -1, -1, -1, -1) | (0, -1, -1, -1) -> {True}
w (0, -1, 0, -1, 0, -1, -1) | (0, 0, -1, 0) -> {False}
w (0, 0, 0, -1, 0, -1, -1) | (0, 0, -1, 0) -> {False}
w (0, 0, 0, 0, 0, 0, 0) | (1, 0, 0, 0) -> {False}
