2 SCC-sym potential 3
     [] U options: [[], [(0, 1)]]
     [(0, 1)] U options: [[]]
     [(0, 1), (1, 0)] U options: [[(0, 1)]]
3 SCC-sym potential 13
     [] U options: [[], [(0, 1)], [(0, 2)], [(1, 2)], [(0, 1), (0, 2)], [(0, 1), (1, 2)], [(0, 2), (1, 2)], [(0, 1), (0, 2), (1, 2)]]
     [(0, 1)] U options: [[], [(0, 2)], [(1, 2)]]
     [(0, 1), (0, 2)] U options: [[], [(1, 2)]]
     [(0, 1), (1, 0)] U options: [[(0, 1)], [(0, 1), (0, 2)], [(0, 1), (1, 2)]]
     [(0, 1), (1, 2)] U options: [[]]
     [(0, 1), (0, 2), (1, 0)] U options: [[(0, 1)]]
     [(0, 1), (2, 1)] U options: [[], [(0, 2)]]
     [(0, 1), (0, 2), (1, 2)] U options: [[]]
     [(0, 1), (0, 2), (1, 0), (1, 2)] U options: [[(0, 1)]]
     [(0, 1), (1, 0), (2, 0)] U options: [[(0, 1)]]
     [(0, 1), (0, 2), (1, 0), (2, 0)] U options: [[(0, 1), (0, 2)]]
     [(0, 1), (0, 2), (1, 2), (2, 1)] U options: [[(1, 2)]]
     [(0, 1), (0, 2), (1, 0), (1, 2), (2, 0), (2, 1)] U options: [[(0, 1), (0, 2), (1, 2)]]
3 non-SCC-sym none 3
1.3064770698547363 s
