1 921 {'nonsym': 200, 'cands': 15564, 'fast_pass': 3615, 'groebner_pass': 0} 14
1 1581 {'nonsym': 400, 'cands': 23669, 'fast_pass': 5022, 'groebner_pass': 0} 20
1 2171 {'nonsym': 600, 'cands': 31939, 'fast_pass': 6301, 'groebner_pass': 0} 26
1 2781 {'nonsym': 800, 'cands': 36603, 'fast_pass': 6724, 'groebner_pass': 0} 29
1 3279 {'nonsym': 1000, 'cands': 48287, 'fast_pass': 7849, 'groebner_pass': 0} 34
1 3779 {'nonsym': 1200, 'cands': 57442, 'fast_pass': 9076, 'groebner_pass': 0} 40
1 4207 {'nonsym': 1400, 'cands': 70677, 'fast_pass': 11569, 'groebner_pass': 0} 53
1 4617 {'nonsym': 1600, 'cands': 78384, 'fast_pass': 12190, 'groebner_pass': 0} 57
1 5035 {'nonsym': 1800, 'cands': 91712, 'fast_pass': 13386, 'groebner_pass': 0} 63
1 5451 {'nonsym': 2000, 'cands': 105821, 'fast_pass': 14966, 'groebner_pass': 0} 73
1 5873 {'nonsym': 2200, 'cands': 116799, 'fast_pass': 16223, 'groebner_pass': 0} 82
1 6281 {'nonsym': 2400, 'cands': 122326, 'fast_pass': 16501, 'groebner_pass': 0} 84
1 6699 {'nonsym': 2600, 'cands': 131553, 'fast_pass': 17054, 'groebner_pass': 0} 87
1 7115 {'nonsym': 2800, 'cands': 138513, 'fast_pass': 17374, 'groebner_pass': 0} 90
1 7521 {'nonsym': 3000, 'cands': 143814, 'fast_pass': 17697, 'groebner_pass': 0} 92
1 7927 {'nonsym': 3200, 'cands': 145283, 'fast_pass': 17714, 'groebner_pass': 0} 92
1 8339 {'nonsym': 3400, 'cands': 156403, 'fast_pass': 18359, 'groebner_pass': 0} 97
1 8753 {'nonsym': 3600, 'cands': 170537, 'fast_pass': 19346, 'groebner_pass': 0} 105
1 9161 {'nonsym': 3800, 'cands': 179765, 'fast_pass': 19571, 'groebner_pass': 0} 108
1 9567 {'nonsym': 4000, 'cands': 182469, 'fast_pass': 19574, 'groebner_pass': 0} 108
DONE 1 {'nonsym': 4017, 'cands': 183109, 'fast_pass': 19574, 'groebner_pass': 0} 108
