0 902 {'nonsym': 200, 'cands': 15250, 'fast_pass': 3412, 'groebner_pass': 0} 13
0 1522 {'nonsym': 400, 'cands': 24050, 'fast_pass': 4998, 'groebner_pass': 0} 20
0 2034 {'nonsym': 600, 'cands': 34649, 'fast_pass': 6414, 'groebner_pass': 0} 27
0 2660 {'nonsym': 800, 'cands': 40096, 'fast_pass': 6883, 'groebner_pass': 0} 30
0 3194 {'nonsym': 1000, 'cands': 54537, 'fast_pass': 9013, 'groebner_pass': 0} 40
0 3694 {'nonsym': 1200, 'cands': 65708, 'fast_pass': 10307, 'groebner_pass': 0} 47
0 4112 {'nonsym': 1400, 'cands': 76819, 'fast_pass': 12452, 'groebner_pass': 0} 58
0 4534 {'nonsym': 1600, 'cands': 85082, 'fast_pass': 13284, 'groebner_pass': 0} 63
0 4968 {'nonsym': 1800, 'cands': 99413, 'fast_pass': 15103, 'groebner_pass': 0} 74
0 5388 {'nonsym': 2000, 'cands': 109460, 'fast_pass': 15860, 'groebner_pass': 0} 79
0 5812 {'nonsym': 2200, 'cands': 119738, 'fast_pass': 16876, 'groebner_pass': 0} 85
0 6224 {'nonsym': 2400, 'cands': 124425, 'fast_pass': 17173, 'groebner_pass': 0} 87
0 6652 {'nonsym': 2600, 'cands': 133712, 'fast_pass': 17737, 'groebner_pass': 0} 91
0 7062 {'nonsym': 2800, 'cands': 142423, 'fast_pass': 18254, 'groebner_pass': 0} 96
0 7472 {'nonsym': 3000, 'cands': 146771, 'fast_pass': 18438, 'groebner_pass': 0} 97
0 7878 {'nonsym': 3200, 'cands': 149334, 'fast_pass': 18555, 'groebner_pass': 0} 98
0 8300 {'nonsym': 3400, 'cands': 157826, 'fast_pass': 19156, 'groebner_pass': 0} 102
0 8720 {'nonsym': 3600, 'cands': 168562, 'fast_pass': 19511, 'groebner_pass': 0} 105
0 9124 {'nonsym': 3800, 'cands': 177434, 'fast_pass': 19706, 'groebner_pass': 0} 108
DONE 0 {'nonsym': 4038, 'cands': 183442, 'fast_pass': 19805, 'groebner_pass': 0} 109
